// Jest Snapshot v1, https://goo.gl/fbAQLP

exports[`dogma-attribute-ids MODULE_SYNC_DOGMA_IDS ESI ground truth (2026-07-14 audit) matches the full field->id snapshot 1`] = `
{
  "ARMOR_BOOST": 84,
  "ARMOR_EM_MULTIPLIER": 267,
  "ARMOR_EXP_MULTIPLIER": 268,
  "ARMOR_HP": 265,
  "ARMOR_KIN_MULTIPLIER": 269,
  "ARMOR_THERM_MULTIPLIER": 270,
  "CALIBRATION_COST": 1153,
  "CAN_FIT_SHIP_GROUP_01": 1298,
  "CAN_FIT_SHIP_GROUP_02": 1299,
  "CAN_FIT_SHIP_GROUP_03": 1300,
  "CAN_FIT_SHIP_GROUP_04": 1301,
  "CAN_FIT_SHIP_TYPE_01": 1302,
  "CAN_FIT_SHIP_TYPE_02": 1303,
  "CAN_FIT_SHIP_TYPE_03": 1304,
  "CAN_FIT_SHIP_TYPE_04": 1305,
  "CAPACITOR_NEEDED": 6,
  "CHARGE_GROUP_1": 604,
  "CHARGE_GROUP_10": 613,
  "CHARGE_GROUP_2": 605,
  "CHARGE_GROUP_3": 606,
  "CHARGE_GROUP_4": 607,
  "CHARGE_GROUP_5": 608,
  "CHARGE_GROUP_6": 609,
  "CHARGE_GROUP_7": 610,
  "CHARGE_GROUP_8": 611,
  "CHARGE_GROUP_9": 612,
  "CHARGE_SIZE": 128,
  "CPU_NEEDED": 50,
  "CPU_OUTPUT_BONUS": 48,
  "DAMAGE": -1,
  "DAMAGE_MULTIPLIER": 64,
  "ECCM_SENSOR_STRENGTH": -1,
  "EXPLOSION_RADIUS": -1,
  "EXPLOSION_VELOCITY": -1,
  "FALLOFF_RANGE": 158,
  "FIRE_RATE": 51,
  "HULL_BOOST": -1,
  "HULL_EM_MULTIPLIER": 974,
  "HULL_EXP_MULTIPLIER": 975,
  "HULL_KIN_MULTIPLIER": 976,
  "HULL_THERM_MULTIPLIER": 977,
  "LAUNCHER_HARDPOINTS": 42,
  "MAX_GROUP_ACTIVE": 158,
  "META_GROUP": 1692,
  "META_LEVEL": 633,
  "MISSILE_DAMAGE": -1,
  "MISSILE_RANGE": -1,
  "MISSILE_VELOCITY": -1,
  "OPTIMAL_RANGE": 54,
  "POWER_NEEDED": 30,
  "POWER_OUTPUT_BONUS": 147,
  "RIG_SIZE": 1547,
  "ROF_MULTIPLIER": 204,
  "SENSOR_DAMPENER_RANGE": -1,
  "SHIELD_BOOST": 68,
  "SHIELD_CAPACITY": 72,
  "SHIELD_EM_MULTIPLIER": 271,
  "SHIELD_EXP_MULTIPLIER": 272,
  "SHIELD_KIN_MULTIPLIER": 273,
  "SHIELD_THERM_MULTIPLIER": 274,
  "SKILL_1": 182,
  "SKILL_1_LEVEL": 277,
  "SKILL_2": 183,
  "SKILL_2_LEVEL": 278,
  "SKILL_3": 184,
  "SKILL_3_LEVEL": 279,
  "SKILL_4": 1285,
  "SKILL_4_LEVEL": 1286,
  "SKILL_5": 1287,
  "SKILL_5_LEVEL": 1288,
  "SKILL_6": 1289,
  "SKILL_6_LEVEL": 1290,
  "STRUCTURAL_INTEGRITY": -1,
  "TRACKING_DISRUPTOR_RANGE": -1,
  "TRACKING_SPEED": 160,
  "TURRET_HARDPOINTS": 41,
  "WEB_RANGE": 54,
  "WEB_SPEED_FACTOR": 20,
}
`;
